// Jest Snapshot v1, https://goo.gl/fbAQLP

exports[`Pruebas de <GifGridItem /> debe de ser igual al snapshot 1`] = `
<div>
  <div
    class="card"
  >
    <img
      alt="one punch"
      height="200"
      src="https://fotografias-neox.atresmedia.com/clipping/cmsimages01/2022/06/14/FE439D12-FDF3-46DF-816E-49C5B5E2F2BE/one-punch-man_98.jpg"
      width="400"
    />
    <p>
      one punch
    </p>
  </div>
</div>
`;
